<!doctype html public "-//w3c//dtd html 4.0 transitional//en">
<html><head>
<title>Static Call Graph - [.\Objects\p1.axf]</title></head>
<body><HR>
<H1>Static Call Graph for image .\Objects\p1.axf</H1><HR>
<BR><P>#&#060CALLGRAPH&#062# ARM Linker, 5060960: Last Updated: Thu Oct 22 15:30:15 2020
<BR><P>
<H3>Maximum Stack Usage =          0 bytes + Unknown(Functions without stacksize, Untraceable Function Pointers)</H3><H3>
Call chain for Maximum Stack Depth:</H3>

<P>
<H3>
Functions with no stack information
</H3><UL>
 <LI><a href="#[1]">inicio</a>
</UL>
</UL>
<P>
<H3>
Function Pointers
</H3><UL>
 <LI><a href="#[1]">inicio</a> from programa_2.o(RESET) referenced from programa_2.o(RESET)
</UL>
<P>
<H3>
Global Symbols
</H3><P>
<H3>
Local Symbols
</H3>
<P><STRONG><a name="[1]"></a>inicio</STRONG> (Thumb, 4 bytes, Stack size unknown bytes, programa_2.o(RESET))
<P>
<H3>
Undefined Global Symbols
</H3><HR></body></html>
